Analysis & Synthesis report for ecg_processor
Tue Nov 25 20:10:38 2025
Quartus Prime Version 20.1.0 Build 711 06/05/2020 SJ Lite Edition


---------------------
; Table of Contents ;
---------------------
  1. Legal Notice
  2. Analysis & Synthesis Summary
  3. Analysis & Synthesis Settings
  4. Parallel Compilation
  5. Analysis & Synthesis Source Files Read
  6. Analysis & Synthesis Resource Usage Summary
  7. Analysis & Synthesis Resource Utilization by Entity
  8. Analysis & Synthesis RAM Summary
  9. Analysis & Synthesis DSP Block Usage Summary
 10. Registers Removed During Synthesis
 11. General Register Statistics
 12. Inverted Register Statistics
 13. Registers Packed Into Inferred Megafunctions
 14. Multiplexer Restructuring Statistics (Restructuring Performed)
 15. Source assignments for ecg_rom:rom_inst|altsyncram:Mux11_rtl_0|altsyncram_4871:auto_generated
 16. Parameter Settings for Inferred Entity Instance: ecg_rom:rom_inst|altsyncram:Mux11_rtl_0
 17. Parameter Settings for Inferred Entity Instance: lpm_divide:Div1
 18. Parameter Settings for Inferred Entity Instance: lpm_divide:Div2
 19. Parameter Settings for Inferred Entity Instance: lpm_divide:Mod0
 20. Parameter Settings for Inferred Entity Instance: lpm_divide:Mod1
 21. Parameter Settings for Inferred Entity Instance: lpm_divide:Div0
 22. altsyncram Parameter Settings by Entity Instance
 23. Post-Synthesis Netlist Statistics for Top Partition
 24. Elapsed Time Per Partition
 25. Analysis & Synthesis Messages



----------------
; Legal Notice ;
----------------
Copyright (C) 2020  Intel Corporation. All rights reserved.
Your use of Intel Corporation's design tools, logic functions 
and other software and tools, and any partner logic 
functions, and any output files from any of the foregoing 
(including device programming or simulation files), and any 
associated documentation or information are expressly subject 
to the terms and conditions of the Intel Program License 
Subscription Agreement, the Intel Quartus Prime License Agreement,
the Intel FPGA IP License Agreement, or other applicable license
agreement, including, without limitation, that your use is for
the sole purpose of programming logic devices manufactured by
Intel and sold by Intel or its authorized distributors.  Please
refer to the applicable agreement for further details, at
https://fpgasoftware.intel.com/eula.



+-------------------------------------------------------------------------------+
; Analysis & Synthesis Summary                                                  ;
+---------------------------------+---------------------------------------------+
; Analysis & Synthesis Status     ; Successful - Tue Nov 25 20:10:38 2025       ;
; Quartus Prime Version           ; 20.1.0 Build 711 06/05/2020 SJ Lite Edition ;
; Revision Name                   ; ecg_processor                               ;
; Top-level Entity Name           ; ecg_processor                               ;
; Family                          ; Cyclone V                                   ;
; Logic utilization (in ALMs)     ; N/A                                         ;
; Total registers                 ; 106                                         ;
; Total pins                      ; 44                                          ;
; Total virtual pins              ; 0                                           ;
; Total block memory bits         ; 196,608                                     ;
; Total DSP Blocks                ; 2                                           ;
; Total HSSI RX PCSs              ; 0                                           ;
; Total HSSI PMA RX Deserializers ; 0                                           ;
; Total HSSI TX PCSs              ; 0                                           ;
; Total HSSI PMA TX Serializers   ; 0                                           ;
; Total PLLs                      ; 0                                           ;
; Total DLLs                      ; 0                                           ;
+---------------------------------+---------------------------------------------+


+---------------------------------------------------------------------------------------------------------------------------+
; Analysis & Synthesis Settings                                                                                             ;
+---------------------------------------------------------------------------------+--------------------+--------------------+
; Option                                                                          ; Setting            ; Default Value      ;
+---------------------------------------------------------------------------------+--------------------+--------------------+
; Device                                                                          ; 5CEBA4F23C7        ;                    ;
; Top-level entity name                                                           ; ecg_processor      ; ecg_processor      ;
; Family name                                                                     ; Cyclone V          ; Cyclone V          ;
; Use smart compilation                                                           ; Off                ; Off                ;
; Enable parallel Assembler and Timing Analyzer during compilation                ; On                 ; On                 ;
; Enable compact report table                                                     ; Off                ; Off                ;
; Restructure Multiplexers                                                        ; Auto               ; Auto               ;
; MLAB Add Timing Constraints For Mixed-Port Feed-Through Mode Setting Don't Care ; Off                ; Off                ;
; Create Debugging Nodes for IP Cores                                             ; Off                ; Off                ;
; Preserve fewer node names                                                       ; On                 ; On                 ;
; Intel FPGA IP Evaluation Mode                                                   ; Enable             ; Enable             ;
; Verilog Version                                                                 ; Verilog_2001       ; Verilog_2001       ;
; VHDL Version                                                                    ; VHDL_1993          ; VHDL_1993          ;
; State Machine Processing                                                        ; Auto               ; Auto               ;
; Safe State Machine                                                              ; Off                ; Off                ;
; Extract Verilog State Machines                                                  ; On                 ; On                 ;
; Extract VHDL State Machines                                                     ; On                 ; On                 ;
; Ignore Verilog initial constructs                                               ; Off                ; Off                ;
; Iteration limit for constant Verilog loops                                      ; 5000               ; 5000               ;
; Iteration limit for non-constant Verilog loops                                  ; 250                ; 250                ;
; Add Pass-Through Logic to Inferred RAMs                                         ; On                 ; On                 ;
; Infer RAMs from Raw Logic                                                       ; On                 ; On                 ;
; Parallel Synthesis                                                              ; On                 ; On                 ;
; DSP Block Balancing                                                             ; Auto               ; Auto               ;
; NOT Gate Push-Back                                                              ; On                 ; On                 ;
; Power-Up Don't Care                                                             ; On                 ; On                 ;
; Remove Redundant Logic Cells                                                    ; Off                ; Off                ;
; Remove Duplicate Registers                                                      ; On                 ; On                 ;
; Ignore CARRY Buffers                                                            ; Off                ; Off                ;
; Ignore CASCADE Buffers                                                          ; Off                ; Off                ;
; Ignore GLOBAL Buffers                                                           ; Off                ; Off                ;
; Ignore ROW GLOBAL Buffers                                                       ; Off                ; Off                ;
; Ignore LCELL Buffers                                                            ; Off                ; Off                ;
; Ignore SOFT Buffers                                                             ; On                 ; On                 ;
; Limit AHDL Integers to 32 Bits                                                  ; Off                ; Off                ;
; Optimization Technique                                                          ; Balanced           ; Balanced           ;
; Carry Chain Length                                                              ; 70                 ; 70                 ;
; Auto Carry Chains                                                               ; On                 ; On                 ;
; Auto Open-Drain Pins                                                            ; On                 ; On                 ;
; Perform WYSIWYG Primitive Resynthesis                                           ; Off                ; Off                ;
; Auto ROM Replacement                                                            ; On                 ; On                 ;
; Auto RAM Replacement                                                            ; On                 ; On                 ;
; Auto DSP Block Replacement                                                      ; On                 ; On                 ;
; Auto Shift Register Replacement                                                 ; Auto               ; Auto               ;
; Allow Shift Register Merging across Hierarchies                                 ; Auto               ; Auto               ;
; Auto Clock Enable Replacement                                                   ; On                 ; On                 ;
; Strict RAM Replacement                                                          ; Off                ; Off                ;
; Allow Synchronous Control Signals                                               ; On                 ; On                 ;
; Force Use of Synchronous Clear Signals                                          ; Off                ; Off                ;
; Auto Resource Sharing                                                           ; Off                ; Off                ;
; Allow Any RAM Size For Recognition                                              ; Off                ; Off                ;
; Allow Any ROM Size For Recognition                                              ; Off                ; Off                ;
; Allow Any Shift Register Size For Recognition                                   ; Off                ; Off                ;
; Use LogicLock Constraints during Resource Balancing                             ; On                 ; On                 ;
; Ignore translate_off and synthesis_off directives                               ; Off                ; Off                ;
; Timing-Driven Synthesis                                                         ; On                 ; On                 ;
; Report Parameter Settings                                                       ; On                 ; On                 ;
; Report Source Assignments                                                       ; On                 ; On                 ;
; Report Connectivity Checks                                                      ; On                 ; On                 ;
; Ignore Maximum Fan-Out Assignments                                              ; Off                ; Off                ;
; Synchronization Register Chain Length                                           ; 3                  ; 3                  ;
; Power Optimization During Synthesis                                             ; Normal compilation ; Normal compilation ;
; HDL message level                                                               ; Level2             ; Level2             ;
; Suppress Register Optimization Related Messages                                 ; Off                ; Off                ;
; Number of Removed Registers Reported in Synthesis Report                        ; 5000               ; 5000               ;
; Number of Swept Nodes Reported in Synthesis Report                              ; 5000               ; 5000               ;
; Number of Inverted Registers Reported in Synthesis Report                       ; 100                ; 100                ;
; Clock MUX Protection                                                            ; On                 ; On                 ;
; Auto Gated Clock Conversion                                                     ; Off                ; Off                ;
; Block Design Naming                                                             ; Auto               ; Auto               ;
; SDC constraint protection                                                       ; Off                ; Off                ;
; Synthesis Effort                                                                ; Auto               ; Auto               ;
; Shift Register Replacement - Allow Asynchronous Clear Signal                    ; On                 ; On                 ;
; Pre-Mapping Resynthesis Optimization                                            ; Off                ; Off                ;
; Analysis & Synthesis Message Level                                              ; Medium             ; Medium             ;
; Disable Register Merging Across Hierarchies                                     ; Auto               ; Auto               ;
; Resource Aware Inference For Block RAM                                          ; On                 ; On                 ;
; Automatic Parallel Synthesis                                                    ; On                 ; On                 ;
; Partial Reconfiguration Bitstream ID                                            ; Off                ; Off                ;
+---------------------------------------------------------------------------------+--------------------+--------------------+


+------------------------------------------+
; Parallel Compilation                     ;
+----------------------------+-------------+
; Processors                 ; Number      ;
+----------------------------+-------------+
; Number detected on machine ; 16          ;
; Maximum allowed            ; 8           ;
;                            ;             ;
; Average used               ; 1.00        ;
; Maximum used               ; 8           ;
;                            ;             ;
; Usage by Processor         ; % Time Used ;
;     Processor 1            ; 100.0%      ;
;     Processors 2-8         ;   0.0%      ;
+----------------------------+-------------+


+-----------------------------------------------------------------------------------------------------------------------------------------------------------------------------------------+
; Analysis & Synthesis Source Files Read                                                                                                                                                  ;
+----------------------------------+-----------------+------------------------------+-------------------------------------------------------------------------------------------+---------+
; File Name with User-Entered Path ; Used in Netlist ; File Type                    ; File Name with Absolute Path                                                              ; Library ;
+----------------------------------+-----------------+------------------------------+-------------------------------------------------------------------------------------------+---------+
; ecg_processor.vhd                ; yes             ; User VHDL File               ; /home/alexandre/Documents/github/ecg_processor/ecg_processor.vhd                          ;         ;
; ecg_rom.vhd                      ; yes             ; User VHDL File               ; /home/alexandre/Documents/github/ecg_processor/ecg_rom.vhd                                ;         ;
; ssd_decoder.vhd                  ; yes             ; User VHDL File               ; /home/alexandre/Documents/github/ecg_processor/ssd_decoder.vhd                            ;         ;
; Fuzzy_Heart_Diag.vhd             ; yes             ; User VHDL File               ; /home/alexandre/Documents/github/ecg_processor/Fuzzy_Heart_Diag.vhd                       ;         ;
; altsyncram.tdf                   ; yes             ; Megafunction                 ; /home/alexandre/intelFPGA_lite/20.1/quartus/libraries/megafunctions/altsyncram.tdf        ;         ;
; stratix_ram_block.inc            ; yes             ; Megafunction                 ; /home/alexandre/intelFPGA_lite/20.1/quartus/libraries/megafunctions/stratix_ram_block.inc ;         ;
; lpm_mux.inc                      ; yes             ; Megafunction                 ; /home/alexandre/intelFPGA_lite/20.1/quartus/libraries/megafunctions/lpm_mux.inc           ;         ;
; lpm_decode.inc                   ; yes             ; Megafunction                 ; /home/alexandre/intelFPGA_lite/20.1/quartus/libraries/megafunctions/lpm_decode.inc        ;         ;
; aglobal201.inc                   ; yes             ; Megafunction                 ; /home/alexandre/intelFPGA_lite/20.1/quartus/libraries/megafunctions/aglobal201.inc        ;         ;
; a_rdenreg.inc                    ; yes             ; Megafunction                 ; /home/alexandre/intelFPGA_lite/20.1/quartus/libraries/megafunctions/a_rdenreg.inc         ;         ;
; altrom.inc                       ; yes             ; Megafunction                 ; /home/alexandre/intelFPGA_lite/20.1/quartus/libraries/megafunctions/altrom.inc            ;         ;
; altram.inc                       ; yes             ; Megafunction                 ; /home/alexandre/intelFPGA_lite/20.1/quartus/libraries/megafunctions/altram.inc            ;         ;
; altdpram.inc                     ; yes             ; Megafunction                 ; /home/alexandre/intelFPGA_lite/20.1/quartus/libraries/megafunctions/altdpram.inc          ;         ;
; db/altsyncram_4871.tdf           ; yes             ; Auto-Generated Megafunction  ; /home/alexandre/Documents/github/ecg_processor/db/altsyncram_4871.tdf                     ;         ;
; db/decode_u0a.tdf                ; yes             ; Auto-Generated Megafunction  ; /home/alexandre/Documents/github/ecg_processor/db/decode_u0a.tdf                          ;         ;
; db/mux_0hb.tdf                   ; yes             ; Auto-Generated Megafunction  ; /home/alexandre/Documents/github/ecg_processor/db/mux_0hb.tdf                             ;         ;
; lpm_divide.tdf                   ; yes             ; Megafunction                 ; /home/alexandre/intelFPGA_lite/20.1/quartus/libraries/megafunctions/lpm_divide.tdf        ;         ;
; abs_divider.inc                  ; yes             ; Megafunction                 ; /home/alexandre/intelFPGA_lite/20.1/quartus/libraries/megafunctions/abs_divider.inc       ;         ;
; sign_div_unsign.inc              ; yes             ; Megafunction                 ; /home/alexandre/intelFPGA_lite/20.1/quartus/libraries/megafunctions/sign_div_unsign.inc   ;         ;
; db/lpm_divide_hbm.tdf            ; yes             ; Auto-Generated Megafunction  ; /home/alexandre/Documents/github/ecg_processor/db/lpm_divide_hbm.tdf                      ;         ;
; db/sign_div_unsign_nlh.tdf       ; yes             ; Auto-Generated Megafunction  ; /home/alexandre/Documents/github/ecg_processor/db/sign_div_unsign_nlh.tdf                 ;         ;
; db/alt_u_div_kve.tdf             ; yes             ; Auto-Generated Megafunction  ; /home/alexandre/Documents/github/ecg_processor/db/alt_u_div_kve.tdf                       ;         ;
; db/lpm_divide_ebm.tdf            ; yes             ; Auto-Generated Megafunction  ; /home/alexandre/Documents/github/ecg_processor/db/lpm_divide_ebm.tdf                      ;         ;
; db/sign_div_unsign_klh.tdf       ; yes             ; Auto-Generated Megafunction  ; /home/alexandre/Documents/github/ecg_processor/db/sign_div_unsign_klh.tdf                 ;         ;
; db/alt_u_div_eve.tdf             ; yes             ; Auto-Generated Megafunction  ; /home/alexandre/Documents/github/ecg_processor/db/alt_u_div_eve.tdf                       ;         ;
; db/lpm_divide_u4m.tdf            ; yes             ; Auto-Generated Megafunction  ; /home/alexandre/Documents/github/ecg_processor/db/lpm_divide_u4m.tdf                      ;         ;
; db/sign_div_unsign_1nh.tdf       ; yes             ; Auto-Generated Megafunction  ; /home/alexandre/Documents/github/ecg_processor/db/sign_div_unsign_1nh.tdf                 ;         ;
; db/alt_u_div_82f.tdf             ; yes             ; Auto-Generated Megafunction  ; /home/alexandre/Documents/github/ecg_processor/db/alt_u_div_82f.tdf                       ;         ;
; db/lpm_divide_0dm.tdf            ; yes             ; Auto-Generated Megafunction  ; /home/alexandre/Documents/github/ecg_processor/db/lpm_divide_0dm.tdf                      ;         ;
; db/sign_div_unsign_6nh.tdf       ; yes             ; Auto-Generated Megafunction  ; /home/alexandre/Documents/github/ecg_processor/db/sign_div_unsign_6nh.tdf                 ;         ;
; db/alt_u_div_i2f.tdf             ; yes             ; Auto-Generated Megafunction  ; /home/alexandre/Documents/github/ecg_processor/db/alt_u_div_i2f.tdf                       ;         ;
+----------------------------------+-----------------+------------------------------+-------------------------------------------------------------------------------------------+---------+


+---------------------------------------------------------------+
; Analysis & Synthesis Resource Usage Summary                   ;
+---------------------------------------------+-----------------+
; Resource                                    ; Usage           ;
+---------------------------------------------+-----------------+
; Estimate of Logic utilization (ALMs needed) ; 405             ;
;                                             ;                 ;
; Combinational ALUT usage for logic          ; 769             ;
;     -- 7 input functions                    ; 1               ;
;     -- 6 input functions                    ; 39              ;
;     -- 5 input functions                    ; 108             ;
;     -- 4 input functions                    ; 154             ;
;     -- <=3 input functions                  ; 467             ;
;                                             ;                 ;
; Dedicated logic registers                   ; 106             ;
;                                             ;                 ;
; I/O pins                                    ; 44              ;
; Total MLAB memory bits                      ; 0               ;
; Total block memory bits                     ; 196608          ;
;                                             ;                 ;
; Total DSP Blocks                            ; 2               ;
;                                             ;                 ;
; Maximum fan-out node                        ; clk_50mhz~input ;
; Maximum fan-out                             ; 69              ;
; Total fan-out                               ; 3486            ;
; Average fan-out                             ; 3.52            ;
+---------------------------------------------+-----------------+


+----------------------------------------------------------------------------------------------------------------------------------------------------------------------------------------------------------------------------------------------------------------------------------------------------------+
; Analysis & Synthesis Resource Utilization by Entity                                                                                                                                                                                                                                                      ;
+-------------------------------------------+---------------------+---------------------------+-------------------+------------+------+--------------+----------------------------------------------------------------------------------------------------------------+---------------------+--------------+
; Compilation Hierarchy Node                ; Combinational ALUTs ; Dedicated Logic Registers ; Block Memory Bits ; DSP Blocks ; Pins ; Virtual Pins ; Full Hierarchy Name                                                                                            ; Entity Name         ; Library Name ;
+-------------------------------------------+---------------------+---------------------------+-------------------+------------+------+--------------+----------------------------------------------------------------------------------------------------------------+---------------------+--------------+
; |ecg_processor                            ; 769 (124)           ; 106 (80)                  ; 196608            ; 2          ; 44   ; 0            ; |ecg_processor                                                                                                 ; ecg_processor       ; work         ;
;    |Fuzzy_Heart_Diag:fuzzy_inst|          ; 81 (81)             ; 25 (25)                   ; 0                 ; 2          ; 0    ; 0            ; |ecg_processor|Fuzzy_Heart_Diag:fuzzy_inst                                                                     ; Fuzzy_Heart_Diag    ; work         ;
;    |ecg_rom:rom_inst|                     ; 3 (0)               ; 1 (0)                     ; 196608            ; 0          ; 0    ; 0            ; |ecg_processor|ecg_rom:rom_inst                                                                                ; ecg_rom             ; work         ;
;       |altsyncram:Mux11_rtl_0|            ; 3 (0)               ; 1 (0)                     ; 196608            ; 0          ; 0    ; 0            ; |ecg_processor|ecg_rom:rom_inst|altsyncram:Mux11_rtl_0                                                         ; altsyncram          ; work         ;
;          |altsyncram_4871:auto_generated| ; 3 (0)               ; 1 (1)                     ; 196608            ; 0          ; 0    ; 0            ; |ecg_processor|ecg_rom:rom_inst|altsyncram:Mux11_rtl_0|altsyncram_4871:auto_generated                          ; altsyncram_4871     ; work         ;
;             |mux_0hb:mux2|                ; 3 (3)               ; 0 (0)                     ; 0                 ; 0          ; 0    ; 0            ; |ecg_processor|ecg_rom:rom_inst|altsyncram:Mux11_rtl_0|altsyncram_4871:auto_generated|mux_0hb:mux2             ; mux_0hb             ; work         ;
;    |lpm_divide:Div0|                      ; 198 (0)             ; 0 (0)                     ; 0                 ; 0          ; 0    ; 0            ; |ecg_processor|lpm_divide:Div0                                                                                 ; lpm_divide          ; work         ;
;       |lpm_divide_0dm:auto_generated|     ; 198 (0)             ; 0 (0)                     ; 0                 ; 0          ; 0    ; 0            ; |ecg_processor|lpm_divide:Div0|lpm_divide_0dm:auto_generated                                                   ; lpm_divide_0dm      ; work         ;
;          |sign_div_unsign_6nh:divider|    ; 198 (0)             ; 0 (0)                     ; 0                 ; 0          ; 0    ; 0            ; |ecg_processor|lpm_divide:Div0|lpm_divide_0dm:auto_generated|sign_div_unsign_6nh:divider                       ; sign_div_unsign_6nh ; work         ;
;             |alt_u_div_i2f:divider|       ; 198 (198)           ; 0 (0)                     ; 0                 ; 0          ; 0    ; 0            ; |ecg_processor|lpm_divide:Div0|lpm_divide_0dm:auto_generated|sign_div_unsign_6nh:divider|alt_u_div_i2f:divider ; alt_u_div_i2f       ; work         ;
;    |lpm_divide:Div1|                      ; 60 (0)              ; 0 (0)                     ; 0                 ; 0          ; 0    ; 0            ; |ecg_processor|lpm_divide:Div1                                                                                 ; lpm_divide          ; work         ;
;       |lpm_divide_hbm:auto_generated|     ; 60 (0)              ; 0 (0)                     ; 0                 ; 0          ; 0    ; 0            ; |ecg_processor|lpm_divide:Div1|lpm_divide_hbm:auto_generated                                                   ; lpm_divide_hbm      ; work         ;
;          |sign_div_unsign_nlh:divider|    ; 60 (0)              ; 0 (0)                     ; 0                 ; 0          ; 0    ; 0            ; |ecg_processor|lpm_divide:Div1|lpm_divide_hbm:auto_generated|sign_div_unsign_nlh:divider                       ; sign_div_unsign_nlh ; work         ;
;             |alt_u_div_kve:divider|       ; 60 (60)             ; 0 (0)                     ; 0                 ; 0          ; 0    ; 0            ; |ecg_processor|lpm_divide:Div1|lpm_divide_hbm:auto_generated|sign_div_unsign_nlh:divider|alt_u_div_kve:divider ; alt_u_div_kve       ; work         ;
;    |lpm_divide:Div2|                      ; 71 (0)              ; 0 (0)                     ; 0                 ; 0          ; 0    ; 0            ; |ecg_processor|lpm_divide:Div2                                                                                 ; lpm_divide          ; work         ;
;       |lpm_divide_ebm:auto_generated|     ; 71 (0)              ; 0 (0)                     ; 0                 ; 0          ; 0    ; 0            ; |ecg_processor|lpm_divide:Div2|lpm_divide_ebm:auto_generated                                                   ; lpm_divide_ebm      ; work         ;
;          |sign_div_unsign_klh:divider|    ; 71 (0)              ; 0 (0)                     ; 0                 ; 0          ; 0    ; 0            ; |ecg_processor|lpm_divide:Div2|lpm_divide_ebm:auto_generated|sign_div_unsign_klh:divider                       ; sign_div_unsign_klh ; work         ;
;             |alt_u_div_eve:divider|       ; 71 (71)             ; 0 (0)                     ; 0                 ; 0          ; 0    ; 0            ; |ecg_processor|lpm_divide:Div2|lpm_divide_ebm:auto_generated|sign_div_unsign_klh:divider|alt_u_div_eve:divider ; alt_u_div_eve       ; work         ;
;    |lpm_divide:Mod0|                      ; 89 (0)              ; 0 (0)                     ; 0                 ; 0          ; 0    ; 0            ; |ecg_processor|lpm_divide:Mod0                                                                                 ; lpm_divide          ; work         ;
;       |lpm_divide_u4m:auto_generated|     ; 89 (0)              ; 0 (0)                     ; 0                 ; 0          ; 0    ; 0            ; |ecg_processor|lpm_divide:Mod0|lpm_divide_u4m:auto_generated                                                   ; lpm_divide_u4m      ; work         ;
;          |sign_div_unsign_1nh:divider|    ; 89 (0)              ; 0 (0)                     ; 0                 ; 0          ; 0    ; 0            ; |ecg_processor|lpm_divide:Mod0|lpm_divide_u4m:auto_generated|sign_div_unsign_1nh:divider                       ; sign_div_unsign_1nh ; work         ;
;             |alt_u_div_82f:divider|       ; 89 (89)             ; 0 (0)                     ; 0                 ; 0          ; 0    ; 0            ; |ecg_processor|lpm_divide:Mod0|lpm_divide_u4m:auto_generated|sign_div_unsign_1nh:divider|alt_u_div_82f:divider ; alt_u_div_82f       ; work         ;
;    |lpm_divide:Mod1|                      ; 108 (0)             ; 0 (0)                     ; 0                 ; 0          ; 0    ; 0            ; |ecg_processor|lpm_divide:Mod1                                                                                 ; lpm_divide          ; work         ;
;       |lpm_divide_u4m:auto_generated|     ; 108 (0)             ; 0 (0)                     ; 0                 ; 0          ; 0    ; 0            ; |ecg_processor|lpm_divide:Mod1|lpm_divide_u4m:auto_generated                                                   ; lpm_divide_u4m      ; work         ;
;          |sign_div_unsign_1nh:divider|    ; 108 (0)             ; 0 (0)                     ; 0                 ; 0          ; 0    ; 0            ; |ecg_processor|lpm_divide:Mod1|lpm_divide_u4m:auto_generated|sign_div_unsign_1nh:divider                       ; sign_div_unsign_1nh ; work         ;
;             |alt_u_div_82f:divider|       ; 108 (108)           ; 0 (0)                     ; 0                 ; 0          ; 0    ; 0            ; |ecg_processor|lpm_divide:Mod1|lpm_divide_u4m:auto_generated|sign_div_unsign_1nh:divider|alt_u_div_82f:divider ; alt_u_div_82f       ; work         ;
;    |ssd_decoder:disp_bpm0|                ; 7 (7)               ; 0 (0)                     ; 0                 ; 0          ; 0    ; 0            ; |ecg_processor|ssd_decoder:disp_bpm0                                                                           ; ssd_decoder         ; work         ;
;    |ssd_decoder:disp_bpm1|                ; 7 (7)               ; 0 (0)                     ; 0                 ; 0          ; 0    ; 0            ; |ecg_processor|ssd_decoder:disp_bpm1                                                                           ; ssd_decoder         ; work         ;
;    |ssd_decoder:disp_bpm2|                ; 7 (7)               ; 0 (0)                     ; 0                 ; 0          ; 0    ; 0            ; |ecg_processor|ssd_decoder:disp_bpm2                                                                           ; ssd_decoder         ; work         ;
;    |ssd_decoder:disp_pat0|                ; 7 (7)               ; 0 (0)                     ; 0                 ; 0          ; 0    ; 0            ; |ecg_processor|ssd_decoder:disp_pat0                                                                           ; ssd_decoder         ; work         ;
;    |ssd_decoder:disp_pat1|                ; 7 (7)               ; 0 (0)                     ; 0                 ; 0          ; 0    ; 0            ; |ecg_processor|ssd_decoder:disp_pat1                                                                           ; ssd_decoder         ; work         ;
+-------------------------------------------+---------------------+---------------------------+-------------------+------------+------+--------------+----------------------------------------------------------------------------------------------------------------+---------------------+--------------+
Note: For table entries with two numbers listed, the numbers in parentheses indicate the number of resources of the given type used by the specific entity alone. The numbers listed outside of parentheses indicate the total resources of the given type used by the specific entity and all of its sub-entities in the hierarchy.


+-------------------------------------------------------------------------------------------------------------------------------------------------------------------------------------------------------------+
; Analysis & Synthesis RAM Summary                                                                                                                                                                            ;
+-----------------------------------------------------------------------------------+------+------+--------------+--------------+--------------+--------------+--------+--------------------------------------+
; Name                                                                              ; Type ; Mode ; Port A Depth ; Port A Width ; Port B Depth ; Port B Width ; Size   ; MIF                                  ;
+-----------------------------------------------------------------------------------+------+------+--------------+--------------+--------------+--------------+--------+--------------------------------------+
; ecg_rom:rom_inst|altsyncram:Mux11_rtl_0|altsyncram_4871:auto_generated|ALTSYNCRAM ; AUTO ; ROM  ; 16384        ; 12           ; --           ; --           ; 196608 ; ecg_processor.ecg_processor0.rtl.mif ;
+-----------------------------------------------------------------------------------+------+------+--------------+--------------+--------------+--------------+--------+--------------------------------------+


+-----------------------------------------------+
; Analysis & Synthesis DSP Block Usage Summary  ;
+---------------------------------+-------------+
; Statistic                       ; Number Used ;
+---------------------------------+-------------+
; Independent 9x9                 ; 2           ;
; Total number of DSP blocks      ; 2           ;
;                                 ;             ;
; Fixed Point Unsigned Multiplier ; 2           ;
+---------------------------------+-------------+


+-----------------------------------------------------------------------------------+
; Registers Removed During Synthesis                                                ;
+------------------------------------------+----------------------------------------+
; Register name                            ; Reason for Removal                     ;
+------------------------------------------+----------------------------------------+
; Fuzzy_Heart_Diag:fuzzy_inst|mu_normal[0] ; Stuck at GND due to stuck port data_in ;
; Total Number of Removed Registers = 1    ;                                        ;
+------------------------------------------+----------------------------------------+


+------------------------------------------------------+
; General Register Statistics                          ;
+----------------------------------------------+-------+
; Statistic                                    ; Value ;
+----------------------------------------------+-------+
; Total registers                              ; 106   ;
; Number of registers using Synchronous Clear  ; 87    ;
; Number of registers using Synchronous Load   ; 7     ;
; Number of registers using Asynchronous Clear ; 61    ;
; Number of registers using Asynchronous Load  ; 0     ;
; Number of registers using Clock Enable       ; 37    ;
; Number of registers using Preset             ; 0     ;
+----------------------------------------------+-------+


+--------------------------------------------------+
; Inverted Register Statistics                     ;
+----------------------------------------+---------+
; Inverted Register                      ; Fan out ;
+----------------------------------------+---------+
; pat_units[0]                           ; 12      ;
; patient_total_count[0]                 ; 13      ;
; Total number of inverted registers = 2 ;         ;
+----------------------------------------+---------+


+-----------------------------------------------------------------+
; Registers Packed Into Inferred Megafunctions                    ;
+---------------------------+------------------------------+------+
; Register Name             ; Megafunction                 ; Type ;
+---------------------------+------------------------------+------+
; ecg_rom:rom_inst|q[0..11] ; ecg_rom:rom_inst|Mux11_rtl_0 ; ROM  ;
+---------------------------+------------------------------+------+


+-----------------------------------------------------------------------------------------------------------------------------------------------------------------------+
; Multiplexer Restructuring Statistics (Restructuring Performed)                                                                                                        ;
+--------------------+-----------+---------------+----------------------+------------------------+------------+---------------------------------------------------------+
; Multiplexer Inputs ; Bus Width ; Baseline Area ; Area if Restructured ; Saving if Restructured ; Registered ; Example Multiplexer Output                              ;
+--------------------+-----------+---------------+----------------------+------------------------+------------+---------------------------------------------------------+
; 3:1                ; 4 bits    ; 8 LEs         ; 4 LEs                ; 4 LEs                  ; Yes        ; |ecg_processor|pat_tens[0]                              ;
; 3:1                ; 3 bits    ; 6 LEs         ; 6 LEs                ; 0 LEs                  ; Yes        ; |ecg_processor|pat_units[1]                             ;
; 3:1                ; 10 bits   ; 20 LEs        ; 0 LEs                ; 20 LEs                 ; Yes        ; |ecg_processor|bpm_val_int[5]                           ;
; 3:1                ; 18 bits   ; 36 LEs        ; 0 LEs                ; 36 LEs                 ; Yes        ; |ecg_processor|clk_div_counter[4]                       ;
; 4:1                ; 8 bits    ; 16 LEs        ; 8 LEs                ; 8 LEs                  ; Yes        ; |ecg_processor|Fuzzy_Heart_Diag:fuzzy_inst|mu_high[7]   ;
; 4:1                ; 8 bits    ; 16 LEs        ; 8 LEs                ; 8 LEs                  ; Yes        ; |ecg_processor|Fuzzy_Heart_Diag:fuzzy_inst|mu_low[3]    ;
; 4:1                ; 12 bits   ; 24 LEs        ; 0 LEs                ; 24 LEs                 ; Yes        ; |ecg_processor|samples_between_peaks[4]                 ;
; 4:1                ; 7 bits    ; 14 LEs        ; 14 LEs               ; 0 LEs                  ; Yes        ; |ecg_processor|Fuzzy_Heart_Diag:fuzzy_inst|mu_normal[7] ;
+--------------------+-----------+---------------+----------------------+------------------------+------------+---------------------------------------------------------+


+-----------------------------------------------------------------------------------------------+
; Source assignments for ecg_rom:rom_inst|altsyncram:Mux11_rtl_0|altsyncram_4871:auto_generated ;
+---------------------------------+--------------------+------+---------------------------------+
; Assignment                      ; Value              ; From ; To                              ;
+---------------------------------+--------------------+------+---------------------------------+
; OPTIMIZE_POWER_DURING_SYNTHESIS ; NORMAL_COMPILATION ; -    ; -                               ;
+---------------------------------+--------------------+------+---------------------------------+


+--------------------------------------------------------------------------------------------+
; Parameter Settings for Inferred Entity Instance: ecg_rom:rom_inst|altsyncram:Mux11_rtl_0   ;
+------------------------------------+--------------------------------------+----------------+
; Parameter Name                     ; Value                                ; Type           ;
+------------------------------------+--------------------------------------+----------------+
; BYTE_SIZE_BLOCK                    ; 8                                    ; Untyped        ;
; AUTO_CARRY_CHAINS                  ; ON                                   ; AUTO_CARRY     ;
; IGNORE_CARRY_BUFFERS               ; OFF                                  ; IGNORE_CARRY   ;
; AUTO_CASCADE_CHAINS                ; ON                                   ; AUTO_CASCADE   ;
; IGNORE_CASCADE_BUFFERS             ; OFF                                  ; IGNORE_CASCADE ;
; WIDTH_BYTEENA                      ; 1                                    ; Untyped        ;
; OPERATION_MODE                     ; ROM                                  ; Untyped        ;
; WIDTH_A                            ; 12                                   ; Untyped        ;
; WIDTHAD_A                          ; 14                                   ; Untyped        ;
; NUMWORDS_A                         ; 16384                                ; Untyped        ;
; OUTDATA_REG_A                      ; UNREGISTERED                         ; Untyped        ;
; ADDRESS_ACLR_A                     ; NONE                                 ; Untyped        ;
; OUTDATA_ACLR_A                     ; NONE                                 ; Untyped        ;
; WRCONTROL_ACLR_A                   ; NONE                                 ; Untyped        ;
; INDATA_ACLR_A                      ; NONE                                 ; Untyped        ;
; BYTEENA_ACLR_A                     ; NONE                                 ; Untyped        ;
; WIDTH_B                            ; 1                                    ; Untyped        ;
; WIDTHAD_B                          ; 1                                    ; Untyped        ;
; NUMWORDS_B                         ; 1                                    ; Untyped        ;
; INDATA_REG_B                       ; CLOCK1                               ; Untyped        ;
; WRCONTROL_WRADDRESS_REG_B          ; CLOCK1                               ; Untyped        ;
; RDCONTROL_REG_B                    ; CLOCK1                               ; Untyped        ;
; ADDRESS_REG_B                      ; CLOCK1                               ; Untyped        ;
; OUTDATA_REG_B                      ; UNREGISTERED                         ; Untyped        ;
; BYTEENA_REG_B                      ; CLOCK1                               ; Untyped        ;
; INDATA_ACLR_B                      ; NONE                                 ; Untyped        ;
; WRCONTROL_ACLR_B                   ; NONE                                 ; Untyped        ;
; ADDRESS_ACLR_B                     ; NONE                                 ; Untyped        ;
; OUTDATA_ACLR_B                     ; NONE                                 ; Untyped        ;
; RDCONTROL_ACLR_B                   ; NONE                                 ; Untyped        ;
; BYTEENA_ACLR_B                     ; NONE                                 ; Untyped        ;
; WIDTH_BYTEENA_A                    ; 1                                    ; Untyped        ;
; WIDTH_BYTEENA_B                    ; 1                                    ; Untyped        ;
; RAM_BLOCK_TYPE                     ; AUTO                                 ; Untyped        ;
; BYTE_SIZE                          ; 8                                    ; Untyped        ;
; READ_DURING_WRITE_MODE_MIXED_PORTS ; DONT_CARE                            ; Untyped        ;
; READ_DURING_WRITE_MODE_PORT_A      ; NEW_DATA_NO_NBE_READ                 ; Untyped        ;
; READ_DURING_WRITE_MODE_PORT_B      ; NEW_DATA_NO_NBE_READ                 ; Untyped        ;
; INIT_FILE                          ; ecg_processor.ecg_processor0.rtl.mif ; Untyped        ;
; INIT_FILE_LAYOUT                   ; PORT_A                               ; Untyped        ;
; MAXIMUM_DEPTH                      ; 0                                    ; Untyped        ;
; CLOCK_ENABLE_INPUT_A               ; NORMAL                               ; Untyped        ;
; CLOCK_ENABLE_INPUT_B               ; NORMAL                               ; Untyped        ;
; CLOCK_ENABLE_OUTPUT_A              ; NORMAL                               ; Untyped        ;
; CLOCK_ENABLE_OUTPUT_B              ; NORMAL                               ; Untyped        ;
; CLOCK_ENABLE_CORE_A                ; USE_INPUT_CLKEN                      ; Untyped        ;
; CLOCK_ENABLE_CORE_B                ; USE_INPUT_CLKEN                      ; Untyped        ;
; ENABLE_ECC                         ; FALSE                                ; Untyped        ;
; ECC_PIPELINE_STAGE_ENABLED         ; FALSE                                ; Untyped        ;
; WIDTH_ECCSTATUS                    ; 3                                    ; Untyped        ;
; DEVICE_FAMILY                      ; Cyclone V                            ; Untyped        ;
; CBXI_PARAMETER                     ; altsyncram_4871                      ; Untyped        ;
+------------------------------------+--------------------------------------+----------------+
Note: In order to hide this table in the UI and the text report file, please set the "Show Parameter Settings in Synthesis Report" option in "Analysis and Synthesis Settings -> More Settings" to "Off".


+------------------------------------------------------------------+
; Parameter Settings for Inferred Entity Instance: lpm_divide:Div1 ;
+------------------------+----------------+------------------------+
; Parameter Name         ; Value          ; Type                   ;
+------------------------+----------------+------------------------+
; LPM_WIDTHN             ; 10             ; Untyped                ;
; LPM_WIDTHD             ; 7              ; Untyped                ;
; LPM_NREPRESENTATION    ; UNSIGNED       ; Untyped                ;
; LPM_DREPRESENTATION    ; UNSIGNED       ; Untyped                ;
; LPM_PIPELINE           ; 0              ; Untyped                ;
; LPM_REMAINDERPOSITIVE  ; TRUE           ; Untyped                ;
; MAXIMIZE_SPEED         ; 5              ; Untyped                ;
; CBXI_PARAMETER         ; lpm_divide_hbm ; Untyped                ;
; CARRY_CHAIN            ; MANUAL         ; Untyped                ;
; OPTIMIZE_FOR_SPEED     ; 5              ; Untyped                ;
; AUTO_CARRY_CHAINS      ; ON             ; AUTO_CARRY             ;
; IGNORE_CARRY_BUFFERS   ; OFF            ; IGNORE_CARRY           ;
; AUTO_CASCADE_CHAINS    ; ON             ; AUTO_CASCADE           ;
; IGNORE_CASCADE_BUFFERS ; OFF            ; IGNORE_CASCADE         ;
+------------------------+----------------+------------------------+
Note: In order to hide this table in the UI and the text report file, please set the "Show Parameter Settings in Synthesis Report" option in "Analysis and Synthesis Settings -> More Settings" to "Off".


+------------------------------------------------------------------+
; Parameter Settings for Inferred Entity Instance: lpm_divide:Div2 ;
+------------------------+----------------+------------------------+
; Parameter Name         ; Value          ; Type                   ;
+------------------------+----------------+------------------------+
; LPM_WIDTHN             ; 10             ; Untyped                ;
; LPM_WIDTHD             ; 4              ; Untyped                ;
; LPM_NREPRESENTATION    ; UNSIGNED       ; Untyped                ;
; LPM_DREPRESENTATION    ; UNSIGNED       ; Untyped                ;
; LPM_PIPELINE           ; 0              ; Untyped                ;
; LPM_REMAINDERPOSITIVE  ; TRUE           ; Untyped                ;
; MAXIMIZE_SPEED         ; 5              ; Untyped                ;
; CBXI_PARAMETER         ; lpm_divide_ebm ; Untyped                ;
; CARRY_CHAIN            ; MANUAL         ; Untyped                ;
; OPTIMIZE_FOR_SPEED     ; 5              ; Untyped                ;
; AUTO_CARRY_CHAINS      ; ON             ; AUTO_CARRY             ;
; IGNORE_CARRY_BUFFERS   ; OFF            ; IGNORE_CARRY           ;
; AUTO_CASCADE_CHAINS    ; ON             ; AUTO_CASCADE           ;
; IGNORE_CASCADE_BUFFERS ; OFF            ; IGNORE_CASCADE         ;
+------------------------+----------------+------------------------+
Note: In order to hide this table in the UI and the text report file, please set the "Show Parameter Settings in Synthesis Report" option in "Analysis and Synthesis Settings -> More Settings" to "Off".


+------------------------------------------------------------------+
; Parameter Settings for Inferred Entity Instance: lpm_divide:Mod0 ;
+------------------------+----------------+------------------------+
; Parameter Name         ; Value          ; Type                   ;
+------------------------+----------------+------------------------+
; LPM_WIDTHN             ; 10             ; Untyped                ;
; LPM_WIDTHD             ; 10             ; Untyped                ;
; LPM_NREPRESENTATION    ; UNSIGNED       ; Untyped                ;
; LPM_DREPRESENTATION    ; UNSIGNED       ; Untyped                ;
; LPM_PIPELINE           ; 0              ; Untyped                ;
; LPM_REMAINDERPOSITIVE  ; TRUE           ; Untyped                ;
; MAXIMIZE_SPEED         ; 5              ; Untyped                ;
; CBXI_PARAMETER         ; lpm_divide_u4m ; Untyped                ;
; CARRY_CHAIN            ; MANUAL         ; Untyped                ;
; OPTIMIZE_FOR_SPEED     ; 5              ; Untyped                ;
; AUTO_CARRY_CHAINS      ; ON             ; AUTO_CARRY             ;
; IGNORE_CARRY_BUFFERS   ; OFF            ; IGNORE_CARRY           ;
; AUTO_CASCADE_CHAINS    ; ON             ; AUTO_CASCADE           ;
; IGNORE_CASCADE_BUFFERS ; OFF            ; IGNORE_CASCADE         ;
+------------------------+----------------+------------------------+
Note: In order to hide this table in the UI and the text report file, please set the "Show Parameter Settings in Synthesis Report" option in "Analysis and Synthesis Settings -> More Settings" to "Off".


+------------------------------------------------------------------+
; Parameter Settings for Inferred Entity Instance: lpm_divide:Mod1 ;
+------------------------+----------------+------------------------+
; Parameter Name         ; Value          ; Type                   ;
+------------------------+----------------+------------------------+
; LPM_WIDTHN             ; 10             ; Untyped                ;
; LPM_WIDTHD             ; 10             ; Untyped                ;
; LPM_NREPRESENTATION    ; UNSIGNED       ; Untyped                ;
; LPM_DREPRESENTATION    ; UNSIGNED       ; Untyped                ;
; LPM_PIPELINE           ; 0              ; Untyped                ;
; LPM_REMAINDERPOSITIVE  ; TRUE           ; Untyped                ;
; MAXIMIZE_SPEED         ; 5              ; Untyped                ;
; CBXI_PARAMETER         ; lpm_divide_u4m ; Untyped                ;
; CARRY_CHAIN            ; MANUAL         ; Untyped                ;
; OPTIMIZE_FOR_SPEED     ; 5              ; Untyped                ;
; AUTO_CARRY_CHAINS      ; ON             ; AUTO_CARRY             ;
; IGNORE_CARRY_BUFFERS   ; OFF            ; IGNORE_CARRY           ;
; AUTO_CASCADE_CHAINS    ; ON             ; AUTO_CASCADE           ;
; IGNORE_CASCADE_BUFFERS ; OFF            ; IGNORE_CASCADE         ;
+------------------------+----------------+------------------------+
Note: In order to hide this table in the UI and the text report file, please set the "Show Parameter Settings in Synthesis Report" option in "Analysis and Synthesis Settings -> More Settings" to "Off".


+------------------------------------------------------------------+
; Parameter Settings for Inferred Entity Instance: lpm_divide:Div0 ;
+------------------------+----------------+------------------------+
; Parameter Name         ; Value          ; Type                   ;
+------------------------+----------------+------------------------+
; LPM_WIDTHN             ; 13             ; Untyped                ;
; LPM_WIDTHD             ; 12             ; Untyped                ;
; LPM_NREPRESENTATION    ; UNSIGNED       ; Untyped                ;
; LPM_DREPRESENTATION    ; UNSIGNED       ; Untyped                ;
; LPM_PIPELINE           ; 0              ; Untyped                ;
; LPM_REMAINDERPOSITIVE  ; TRUE           ; Untyped                ;
; MAXIMIZE_SPEED         ; 5              ; Untyped                ;
; CBXI_PARAMETER         ; lpm_divide_0dm ; Untyped                ;
; CARRY_CHAIN            ; MANUAL         ; Untyped                ;
; OPTIMIZE_FOR_SPEED     ; 5              ; Untyped                ;
; AUTO_CARRY_CHAINS      ; ON             ; AUTO_CARRY             ;
; IGNORE_CARRY_BUFFERS   ; OFF            ; IGNORE_CARRY           ;
; AUTO_CASCADE_CHAINS    ; ON             ; AUTO_CASCADE           ;
; IGNORE_CASCADE_BUFFERS ; OFF            ; IGNORE_CASCADE         ;
+------------------------+----------------+------------------------+
Note: In order to hide this table in the UI and the text report file, please set the "Show Parameter Settings in Synthesis Report" option in "Analysis and Synthesis Settings -> More Settings" to "Off".


+-------------------------------------------------------------------------------------+
; altsyncram Parameter Settings by Entity Instance                                    ;
+-------------------------------------------+-----------------------------------------+
; Name                                      ; Value                                   ;
+-------------------------------------------+-----------------------------------------+
; Number of entity instances                ; 1                                       ;
; Entity Instance                           ; ecg_rom:rom_inst|altsyncram:Mux11_rtl_0 ;
;     -- OPERATION_MODE                     ; ROM                                     ;
;     -- WIDTH_A                            ; 12                                      ;
;     -- NUMWORDS_A                         ; 16384                                   ;
;     -- OUTDATA_REG_A                      ; UNREGISTERED                            ;
;     -- WIDTH_B                            ; 1                                       ;
;     -- NUMWORDS_B                         ; 1                                       ;
;     -- ADDRESS_REG_B                      ; CLOCK1                                  ;
;     -- OUTDATA_REG_B                      ; UNREGISTERED                            ;
;     -- RAM_BLOCK_TYPE                     ; AUTO                                    ;
;     -- READ_DURING_WRITE_MODE_MIXED_PORTS ; DONT_CARE                               ;
+-------------------------------------------+-----------------------------------------+


+-----------------------------------------------------+
; Post-Synthesis Netlist Statistics for Top Partition ;
+-----------------------+-----------------------------+
; Type                  ; Count                       ;
+-----------------------+-----------------------------+
; arriav_ff             ; 106                         ;
;     CLR               ; 2                           ;
;     CLR SCLR          ; 22                          ;
;     ENA CLR           ; 15                          ;
;     ENA CLR SCLR      ; 22                          ;
;     SCLR              ; 36                          ;
;     SCLR SLD          ; 7                           ;
;     plain             ; 2                           ;
; arriav_lcell_comb     ; 778                         ;
;     arith             ; 368                         ;
;         0 data inputs ; 54                          ;
;         1 data inputs ; 89                          ;
;         2 data inputs ; 20                          ;
;         3 data inputs ; 92                          ;
;         4 data inputs ; 46                          ;
;         5 data inputs ; 67                          ;
;     extend            ; 1                           ;
;         7 data inputs ; 1                           ;
;     normal            ; 378                         ;
;         0 data inputs ; 1                           ;
;         1 data inputs ; 13                          ;
;         2 data inputs ; 102                         ;
;         3 data inputs ; 77                          ;
;         4 data inputs ; 105                         ;
;         5 data inputs ; 41                          ;
;         6 data inputs ; 39                          ;
;     shared            ; 31                          ;
;         0 data inputs ; 9                           ;
;         1 data inputs ; 19                          ;
;         4 data inputs ; 3                           ;
; arriav_mac            ; 2                           ;
; boundary_port         ; 44                          ;
; stratixv_ram_block    ; 24                          ;
;                       ;                             ;
; Max LUT depth         ; 25.10                       ;
; Average LUT depth     ; 12.11                       ;
+-----------------------+-----------------------------+


+-------------------------------+
; Elapsed Time Per Partition    ;
+----------------+--------------+
; Partition Name ; Elapsed Time ;
+----------------+--------------+
; Top            ; 00:00:01     ;
+----------------+--------------+


+-------------------------------+
; Analysis & Synthesis Messages ;
+-------------------------------+
Info: *******************************************************************
Info: Running Quartus Prime Analysis & Synthesis
    Info: Version 20.1.0 Build 711 06/05/2020 SJ Lite Edition
    Info: Processing started: Tue Nov 25 20:10:32 2025
Info: Command: quartus_map --read_settings_files=on --write_settings_files=off ecg_processor -c ecg_processor
Warning (18236): Number of processors has not been specified which may cause overloading on shared machines.  Set the global assignment NUM_PARALLEL_PROCESSORS in your QSF to an appropriate value for best performance.
Info (20030): Parallel compilation is enabled and will use 8 of the 8 processors detected
Info (12021): Found 2 design units, including 1 entities, in source file ecg_processor.vhd
    Info (12022): Found design unit 1: ecg_processor-rtl File: /home/alexandre/Documents/github/ecg_processor/ecg_processor.vhd Line: 14
    Info (12023): Found entity 1: ecg_processor File: /home/alexandre/Documents/github/ecg_processor/ecg_processor.vhd Line: 5
Info (12021): Found 2 design units, including 1 entities, in source file ecg_rom.vhd
    Info (12022): Found design unit 1: ecg_rom-rtl File: /home/alexandre/Documents/github/ecg_processor/ecg_rom.vhd Line: 13
    Info (12023): Found entity 1: ecg_rom File: /home/alexandre/Documents/github/ecg_processor/ecg_rom.vhd Line: 5
Info (12021): Found 2 design units, including 1 entities, in source file ssd_decoder.vhd
    Info (12022): Found design unit 1: ssd_decoder-rtl File: /home/alexandre/Documents/github/ecg_processor/ssd_decoder.vhd Line: 11
    Info (12023): Found entity 1: ssd_decoder File: /home/alexandre/Documents/github/ecg_processor/ssd_decoder.vhd Line: 4
Info (12021): Found 2 design units, including 1 entities, in source file Fuzzy_Heart_Diag.vhd
    Info (12022): Found design unit 1: Fuzzy_Heart_Diag-Behavioral File: /home/alexandre/Documents/github/ecg_processor/Fuzzy_Heart_Diag.vhd Line: 14
    Info (12023): Found entity 1: Fuzzy_Heart_Diag File: /home/alexandre/Documents/github/ecg_processor/Fuzzy_Heart_Diag.vhd Line: 5
Info (12127): Elaborating entity "ecg_processor" for the top level hierarchy
Info (12128): Elaborating entity "ecg_rom" for hierarchy "ecg_rom:rom_inst" File: /home/alexandre/Documents/github/ecg_processor/ecg_processor.vhd Line: 67
Info (12128): Elaborating entity "Fuzzy_Heart_Diag" for hierarchy "Fuzzy_Heart_Diag:fuzzy_inst" File: /home/alexandre/Documents/github/ecg_processor/ecg_processor.vhd Line: 88
Info (12128): Elaborating entity "ssd_decoder" for hierarchy "ssd_decoder:disp_pat1" File: /home/alexandre/Documents/github/ecg_processor/ecg_processor.vhd Line: 216
Info (19000): Inferred 1 megafunctions from design logic
    Info (276031): Inferred altsyncram megafunction from the following design logic: "ecg_rom:rom_inst|Mux11_rtl_0"
        Info (286033): Parameter OPERATION_MODE set to ROM
        Info (286033): Parameter WIDTH_A set to 12
        Info (286033): Parameter WIDTHAD_A set to 14
        Info (286033): Parameter NUMWORDS_A set to 16384
        Info (286033): Parameter OUTDATA_REG_A set to UNREGISTERED
        Info (286033): Parameter RAM_BLOCK_TYPE set to AUTO
        Info (286033): Parameter INIT_FILE set to ecg_processor.ecg_processor0.rtl.mif
Info (278001): Inferred 5 megafunctions from design logic
    Info (278004): Inferred divider/modulo megafunction ("lpm_divide") from the following logic: "Div1" File: /home/alexandre/Documents/github/ecg_processor/ecg_processor.vhd Line: 209
    Info (278004): Inferred divider/modulo megafunction ("lpm_divide") from the following logic: "Div2" File: /home/alexandre/Documents/github/ecg_processor/ecg_processor.vhd Line: 210
    Info (278004): Inferred divider/modulo megafunction ("lpm_divide") from the following logic: "Mod0" File: /home/alexandre/Documents/github/ecg_processor/ecg_processor.vhd Line: 210
    Info (278004): Inferred divider/modulo megafunction ("lpm_divide") from the following logic: "Mod1" File: /home/alexandre/Documents/github/ecg_processor/ecg_processor.vhd Line: 211
    Info (278004): Inferred divider/modulo megafunction ("lpm_divide") from the following logic: "Div0" File: /home/alexandre/Documents/github/ecg_processor/ecg_processor.vhd Line: 161
Info (12130): Elaborated megafunction instantiation "ecg_rom:rom_inst|altsyncram:Mux11_rtl_0"
Info (12133): Instantiated megafunction "ecg_rom:rom_inst|altsyncram:Mux11_rtl_0" with the following parameter:
    Info (12134): Parameter "OPERATION_MODE" = "ROM"
    Info (12134): Parameter "WIDTH_A" = "12"
    Info (12134): Parameter "WIDTHAD_A" = "14"
    Info (12134): Parameter "NUMWORDS_A" = "16384"
    Info (12134): Parameter "OUTDATA_REG_A" = "UNREGISTERED"
    Info (12134): Parameter "RAM_BLOCK_TYPE" = "AUTO"
    Info (12134): Parameter "INIT_FILE" = "ecg_processor.ecg_processor0.rtl.mif"
Info (12021): Found 1 design units, including 1 entities, in source file db/altsyncram_4871.tdf
    Info (12023): Found entity 1: altsyncram_4871 File: /home/alexandre/Documents/github/ecg_processor/db/altsyncram_4871.tdf Line: 32
Info (12021): Found 1 design units, including 1 entities, in source file db/decode_u0a.tdf
    Info (12023): Found entity 1: decode_u0a File: /home/alexandre/Documents/github/ecg_processor/db/decode_u0a.tdf Line: 23
Info (12021): Found 1 design units, including 1 entities, in source file db/mux_0hb.tdf
    Info (12023): Found entity 1: mux_0hb File: /home/alexandre/Documents/github/ecg_processor/db/mux_0hb.tdf Line: 23
Info (12130): Elaborated megafunction instantiation "lpm_divide:Div1" File: /home/alexandre/Documents/github/ecg_processor/ecg_processor.vhd Line: 209
Info (12133): Instantiated megafunction "lpm_divide:Div1" with the following parameter: File: /home/alexandre/Documents/github/ecg_processor/ecg_processor.vhd Line: 209
    Info (12134): Parameter "LPM_WIDTHN" = "10"
    Info (12134): Parameter "LPM_WIDTHD" = "7"
    Info (12134): Parameter "LPM_NREPRESENTATION" = "UNSIGNED"
    Info (12134): Parameter "LPM_DREPRESENTATION" = "UNSIGNED"
Info (12021): Found 1 design units, including 1 entities, in source file db/lpm_divide_hbm.tdf
    Info (12023): Found entity 1: lpm_divide_hbm File: /home/alexandre/Documents/github/ecg_processor/db/lpm_divide_hbm.tdf Line: 25
Info (12021): Found 1 design units, including 1 entities, in source file db/sign_div_unsign_nlh.tdf
    Info (12023): Found entity 1: sign_div_unsign_nlh File: /home/alexandre/Documents/github/ecg_processor/db/sign_div_unsign_nlh.tdf Line: 25
Info (12021): Found 1 design units, including 1 entities, in source file db/alt_u_div_kve.tdf
    Info (12023): Found entity 1: alt_u_div_kve File: /home/alexandre/Documents/github/ecg_processor/db/alt_u_div_kve.tdf Line: 23
Info (12130): Elaborated megafunction instantiation "lpm_divide:Div2" File: /home/alexandre/Documents/github/ecg_processor/ecg_processor.vhd Line: 210
Info (12133): Instantiated megafunction "lpm_divide:Div2" with the following parameter: File: /home/alexandre/Documents/github/ecg_processor/ecg_processor.vhd Line: 210
    Info (12134): Parameter "LPM_WIDTHN" = "10"
    Info (12134): Parameter "LPM_WIDTHD" = "4"
    Info (12134): Parameter "LPM_NREPRESENTATION" = "UNSIGNED"
    Info (12134): Parameter "LPM_DREPRESENTATION" = "UNSIGNED"
Info (12021): Found 1 design units, including 1 entities, in source file db/lpm_divide_ebm.tdf
    Info (12023): Found entity 1: lpm_divide_ebm File: /home/alexandre/Documents/github/ecg_processor/db/lpm_divide_ebm.tdf Line: 25
Info (12021): Found 1 design units, including 1 entities, in source file db/sign_div_unsign_klh.tdf
    Info (12023): Found entity 1: sign_div_unsign_klh File: /home/alexandre/Documents/github/ecg_processor/db/sign_div_unsign_klh.tdf Line: 25
Info (12021): Found 1 design units, including 1 entities, in source file db/alt_u_div_eve.tdf
    Info (12023): Found entity 1: alt_u_div_eve File: /home/alexandre/Documents/github/ecg_processor/db/alt_u_div_eve.tdf Line: 23
Info (12130): Elaborated megafunction instantiation "lpm_divide:Mod0" File: /home/alexandre/Documents/github/ecg_processor/ecg_processor.vhd Line: 210
Info (12133): Instantiated megafunction "lpm_divide:Mod0" with the following parameter: File: /home/alexandre/Documents/github/ecg_processor/ecg_processor.vhd Line: 210
    Info (12134): Parameter "LPM_WIDTHN" = "10"
    Info (12134): Parameter "LPM_WIDTHD" = "10"
    Info (12134): Parameter "LPM_NREPRESENTATION" = "UNSIGNED"
    Info (12134): Parameter "LPM_DREPRESENTATION" = "UNSIGNED"
Info (12021): Found 1 design units, including 1 entities, in source file db/lpm_divide_u4m.tdf
    Info (12023): Found entity 1: lpm_divide_u4m File: /home/alexandre/Documents/github/ecg_processor/db/lpm_divide_u4m.tdf Line: 25
Info (12021): Found 1 design units, including 1 entities, in source file db/sign_div_unsign_1nh.tdf
    Info (12023): Found entity 1: sign_div_unsign_1nh File: /home/alexandre/Documents/github/ecg_processor/db/sign_div_unsign_1nh.tdf Line: 25
Info (12021): Found 1 design units, including 1 entities, in source file db/alt_u_div_82f.tdf
    Info (12023): Found entity 1: alt_u_div_82f File: /home/alexandre/Documents/github/ecg_processor/db/alt_u_div_82f.tdf Line: 23
Info (12130): Elaborated megafunction instantiation "lpm_divide:Div0" File: /home/alexandre/Documents/github/ecg_processor/ecg_processor.vhd Line: 161
Info (12133): Instantiated megafunction "lpm_divide:Div0" with the following parameter: File: /home/alexandre/Documents/github/ecg_processor/ecg_processor.vhd Line: 161
    Info (12134): Parameter "LPM_WIDTHN" = "13"
    Info (12134): Parameter "LPM_WIDTHD" = "12"
    Info (12134): Parameter "LPM_NREPRESENTATION" = "UNSIGNED"
    Info (12134): Parameter "LPM_DREPRESENTATION" = "UNSIGNED"
Info (12021): Found 1 design units, including 1 entities, in source file db/lpm_divide_0dm.tdf
    Info (12023): Found entity 1: lpm_divide_0dm File: /home/alexandre/Documents/github/ecg_processor/db/lpm_divide_0dm.tdf Line: 25
Info (12021): Found 1 design units, including 1 entities, in source file db/sign_div_unsign_6nh.tdf
    Info (12023): Found entity 1: sign_div_unsign_6nh File: /home/alexandre/Documents/github/ecg_processor/db/sign_div_unsign_6nh.tdf Line: 25
Info (12021): Found 1 design units, including 1 entities, in source file db/alt_u_div_i2f.tdf
    Info (12023): Found entity 1: alt_u_div_i2f File: /home/alexandre/Documents/github/ecg_processor/db/alt_u_div_i2f.tdf Line: 23
Warning (13024): Output pins are stuck at VCC or GND
    Warning (13410): Pin "hex3[0]" is stuck at VCC File: /home/alexandre/Documents/github/ecg_processor/ecg_processor.vhd Line: 10
Info (286030): Timing-Driven Synthesis is running
Critical Warning (18061): Ignored Power-Up Level option on the following registers
    Critical Warning (18010): Register pat_units[0] will power up to High File: /home/alexandre/Documents/github/ecg_processor/ecg_processor.vhd Line: 133
Info (16010): Generating hard_block partition "hard_block:auto_generated_inst"
    Info (16011): Adding 0 node(s), including 0 DDIO, 0 PLL, 0 transceiver and 0 LCELL
Info (21057): Implemented 843 device resources after synthesis - the final resource count might be different
    Info (21058): Implemented 2 input pins
    Info (21059): Implemented 42 output pins
    Info (21061): Implemented 773 logic cells
    Info (21064): Implemented 24 RAM segments
    Info (21062): Implemented 2 DSP elements
Info: Quartus Prime Analysis & Synthesis was successful. 0 errors, 5 warnings
    Info: Peak virtual memory: 544 megabytes
    Info: Processing ended: Tue Nov 25 20:10:38 2025
    Info: Elapsed time: 00:00:06
    Info: Total CPU time (on all processors): 00:00:16


