------------------------------------------------------------
Timing Analyzer Summary
------------------------------------------------------------

Type  : Slow 1100mV 85C Model Setup 'clk_50mhz'
Slack : -24.922
TNS   : -1099.818

Type  : Slow 1100mV 85C Model Hold 'clk_50mhz'
Slack : 0.307
TNS   : 0.000

Type  : Slow 1100mV 85C Model Minimum Pulse Width 'clk_50mhz'
Slack : -2.636
TNS   : -1553.471

Type  : Slow 1100mV 0C Model Setup 'clk_50mhz'
Slack : -26.381
TNS   : -1063.207

Type  : Slow 1100mV 0C Model Hold 'clk_50mhz'
Slack : 0.295
TNS   : 0.000

Type  : Slow 1100mV 0C Model Minimum Pulse Width 'clk_50mhz'
Slack : -2.636
TNS   : -1556.075

Type  : Fast 1100mV 85C Model Setup 'clk_50mhz'
Slack : -10.983
TNS   : -385.246

Type  : Fast 1100mV 85C Model Hold 'clk_50mhz'
Slack : 0.162
TNS   : 0.000

Type  : Fast 1100mV 85C Model Minimum Pulse Width 'clk_50mhz'
Slack : -2.174
TNS   : -1193.424

Type  : Fast 1100mV 0C Model Setup 'clk_50mhz'
Slack : -10.231
TNS   : -303.508

Type  : Fast 1100mV 0C Model Hold 'clk_50mhz'
Slack : 0.146
TNS   : 0.000

Type  : Fast 1100mV 0C Model Minimum Pulse Width 'clk_50mhz'
Slack : -2.174
TNS   : -1194.299

------------------------------------------------------------
