------------------------------------------------------------
Timing Analyzer Summary
------------------------------------------------------------

Type  : Slow 1100mV 85C Model Setup 'clk_slow'
Slack : -25.735
TNS   : -439.724

Type  : Slow 1100mV 85C Model Setup 'clk_50mhz'
Slack : -4.467
TNS   : -1031.040

Type  : Slow 1100mV 85C Model Hold 'clk_slow'
Slack : 0.189
TNS   : 0.000

Type  : Slow 1100mV 85C Model Hold 'clk_50mhz'
Slack : 0.387
TNS   : 0.000

Type  : Slow 1100mV 85C Model Minimum Pulse Width 'clk_50mhz'
Slack : -2.636
TNS   : -1486.528

Type  : Slow 1100mV 85C Model Minimum Pulse Width 'clk_slow'
Slack : -0.538
TNS   : -55.948

Type  : Slow 1100mV 0C Model Setup 'clk_slow'
Slack : -27.007
TNS   : -450.409

Type  : Slow 1100mV 0C Model Setup 'clk_50mhz'
Slack : -4.580
TNS   : -875.526

Type  : Slow 1100mV 0C Model Hold 'clk_50mhz'
Slack : -0.044
TNS   : -0.044

Type  : Slow 1100mV 0C Model Hold 'clk_slow'
Slack : 0.173
TNS   : 0.000

Type  : Slow 1100mV 0C Model Minimum Pulse Width 'clk_50mhz'
Slack : -2.636
TNS   : -1487.897

Type  : Slow 1100mV 0C Model Minimum Pulse Width 'clk_slow'
Slack : -0.538
TNS   : -55.572

Type  : Fast 1100mV 85C Model Setup 'clk_slow'
Slack : -11.272
TNS   : -194.351

Type  : Fast 1100mV 85C Model Setup 'clk_50mhz'
Slack : -2.517
TNS   : -526.341

Type  : Fast 1100mV 85C Model Hold 'clk_50mhz'
Slack : -0.006
TNS   : -0.006

Type  : Fast 1100mV 85C Model Hold 'clk_slow'
Slack : 0.034
TNS   : 0.000

Type  : Fast 1100mV 85C Model Minimum Pulse Width 'clk_50mhz'
Slack : -2.174
TNS   : -1185.706

Type  : Fast 1100mV 85C Model Minimum Pulse Width 'clk_slow'
Slack : -0.026
TNS   : -0.280

Type  : Fast 1100mV 0C Model Setup 'clk_slow'
Slack : -10.661
TNS   : -179.708

Type  : Fast 1100mV 0C Model Setup 'clk_50mhz'
Slack : -2.244
TNS   : -370.424

Type  : Fast 1100mV 0C Model Hold 'clk_50mhz'
Slack : -0.266
TNS   : -7.861

Type  : Fast 1100mV 0C Model Hold 'clk_slow'
Slack : 0.022
TNS   : 0.000

Type  : Fast 1100mV 0C Model Minimum Pulse Width 'clk_50mhz'
Slack : -2.174
TNS   : -1186.489

Type  : Fast 1100mV 0C Model Minimum Pulse Width 'clk_slow'
Slack : 0.018
TNS   : 0.000

------------------------------------------------------------
